              total        used        free      shared  buff/cache   available
Mem:           251G        7.9G        208G        2.9M         35G        242G
Swap:          7.6G         31M        7.6G
              total        used        free      shared  buff/cache   available
Mem:           251G        8.0G        208G        2.9M         35G        242G
Swap:          7.6G         31M        7.6G
              total        used        free      shared  buff/cache   available
Mem:           251G        8.7G        207G        2.9M         35G        241G
Swap:          7.6G         31M        7.6G
              total        used        free      shared  buff/cache   available
Mem:           251G         10G        205G        2.9M         35G        239G
Swap:          7.6G         31M        7.6G
              total        used        free      shared  buff/cache   available
Mem:           251G         12G        204G        2.9M         35G        237G
Swap:          7.6G         31M        7.6G
              total        used        free      shared  buff/cache   available
Mem:           251G         13G        202G        2.9M         35G        236G
Swap:          7.6G         31M        7.6G
              total        used        free      shared  buff/cache   available
Mem:           251G         13G        202G        2.9M         35G        236G
Swap:          7.6G         31M        7.6G
              total        used        free      shared  buff/cache   available
Mem:           251G         13G        202G        2.9M         35G        236G
Swap:          7.6G         31M        7.6G
              total        used        free      shared  buff/cache   available
Mem:           251G         11G        204G        2.9M         35G        238G
Swap:          7.6G         31M        7.6G
              total        used        free      shared  buff/cache   available
Mem:           251G         11G        204G        2.9M         35G        238G
Swap:          7.6G         31M        7.6G
              total        used        free      shared  buff/cache   available
Mem:           251G         11G        204G        2.9M         35G        238G
Swap:          7.6G         31M        7.6G
              total        used        free      shared  buff/cache   available
Mem:           251G         11G        205G        2.9M         35G        239G
Swap:          7.6G         31M        7.6G
              total        used        free      shared  buff/cache   available
Mem:           251G         12G        203G        2.9M         35G        237G
Swap:          7.6G         31M        7.6G
              total        used        free      shared  buff/cache   available
Mem:           251G         12G        203G        2.9M         35G        237G
Swap:          7.6G         31M        7.6G
              total        used        free      shared  buff/cache   available
Mem:           251G         12G        203G        2.9M         35G        237G
Swap:          7.6G         31M        7.6G
              total        used        free      shared  buff/cache   available
Mem:           251G         12G        203G        2.9M         35G        237G
Swap:          7.6G         31M        7.6G
              total        used        free      shared  buff/cache   available
Mem:           251G         11G        204G        2.9M         35G        238G
Swap:          7.6G         31M        7.6G
              total        used        free      shared  buff/cache   available
Mem:           251G         11G        204G        2.9M         35G        238G
Swap:          7.6G         31M        7.6G
              total        used        free      shared  buff/cache   available
Mem:           251G        9.5G        206G        2.9M         35G        240G
Swap:          7.6G         31M        7.6G
              total        used        free      shared  buff/cache   available
Mem:           251G        9.2G        207G        2.9M         35G        241G
Swap:          7.6G         31M        7.6G
              total        used        free      shared  buff/cache   available
Mem:           251G         11G        205G        2.9M         35G        239G
Swap:          7.6G         31M        7.6G
              total        used        free      shared  buff/cache   available
Mem:           251G         10G        205G        2.9M         35G        239G
Swap:          7.6G         31M        7.6G
              total        used        free      shared  buff/cache   available
Mem:           251G         10G        205G        2.9M         35G        239G
Swap:          7.6G         31M        7.6G
              total        used        free      shared  buff/cache   available
Mem:           251G         10G        205G        2.9M         35G        239G
Swap:          7.6G         31M        7.6G
              total        used        free      shared  buff/cache   available
Mem:           251G         10G        206G        2.9M         35G        240G
Swap:          7.6G         31M        7.6G
              total        used        free      shared  buff/cache   available
Mem:           251G        9.7G        206G        2.9M         35G        240G
Swap:          7.6G         31M        7.6G
              total        used        free      shared  buff/cache   available
Mem:           251G        9.5G        206G        2.9M         35G        240G
Swap:          7.6G         31M        7.6G
