              total        used        free      shared  buff/cache   available
Mem:           251G         11G        219G        4.2M         20G        238G
Swap:          7.6G         39M        7.6G
              total        used        free      shared  buff/cache   available
Mem:           251G         11G        219G        4.2M         20G        238G
Swap:          7.6G         39M        7.6G
              total        used        free      shared  buff/cache   available
Mem:           251G         11G        219G        4.2M         20G        238G
Swap:          7.6G         39M        7.6G
              total        used        free      shared  buff/cache   available
Mem:           251G         15G        215G        4.2M         20G        235G
Swap:          7.6G         39M        7.6G
              total        used        free      shared  buff/cache   available
Mem:           251G         15G        215G        4.2M         20G        234G
Swap:          7.6G         39M        7.6G
              total        used        free      shared  buff/cache   available
Mem:           251G         15G        215G        4.2M         20G        234G
Swap:          7.6G         39M        7.6G
              total        used        free      shared  buff/cache   available
Mem:           251G         15G        215G        4.2M         20G        235G
Swap:          7.6G         39M        7.6G
              total        used        free      shared  buff/cache   available
Mem:           251G         16G        214G        4.2M         20G        233G
Swap:          7.6G         39M        7.6G
              total        used        free      shared  buff/cache   available
Mem:           251G         16G        214G        4.2M         20G        234G
Swap:          7.6G         39M        7.6G
              total        used        free      shared  buff/cache   available
Mem:           251G         15G        215G        4.2M         20G        234G
Swap:          7.6G         39M        7.6G
              total        used        free      shared  buff/cache   available
Mem:           251G         14G        216G        4.2M         20G        235G
Swap:          7.6G         39M        7.6G
              total        used        free      shared  buff/cache   available
Mem:           251G         16G        214G        4.2M         20G        233G
Swap:          7.6G         39M        7.6G
              total        used        free      shared  buff/cache   available
Mem:           251G         16G        214G        4.2M         20G        234G
Swap:          7.6G         39M        7.6G
              total        used        free      shared  buff/cache   available
Mem:           251G         15G        215G        4.2M         20G        234G
Swap:          7.6G         39M        7.6G
              total        used        free      shared  buff/cache   available
Mem:           251G         14G        216G        4.2M         20G        235G
Swap:          7.6G         39M        7.6G
              total        used        free      shared  buff/cache   available
Mem:           251G         16G        214G        4.2M         20G        233G
Swap:          7.6G         39M        7.6G
              total        used        free      shared  buff/cache   available
Mem:           251G         16G        214G        4.2M         20G        233G
Swap:          7.6G         39M        7.6G
              total        used        free      shared  buff/cache   available
Mem:           251G         16G        214G        4.2M         20G        234G
Swap:          7.6G         39M        7.6G
              total        used        free      shared  buff/cache   available
Mem:           251G         15G        215G        4.2M         20G        234G
Swap:          7.6G         39M        7.6G
              total        used        free      shared  buff/cache   available
Mem:           251G         15G        215G        4.2M         20G        235G
Swap:          7.6G         39M        7.6G
              total        used        free      shared  buff/cache   available
Mem:           251G         14G        216G        4.2M         20G        235G
Swap:          7.6G         39M        7.6G
              total        used        free      shared  buff/cache   available
Mem:           251G         14G        216G        4.2M         21G        236G
Swap:          7.6G         39M        7.6G
              total        used        free      shared  buff/cache   available
Mem:           251G         13G        217G        4.2M         21G        236G
Swap:          7.6G         39M        7.6G
              total        used        free      shared  buff/cache   available
Mem:           251G         15G        215G        4.2M         21G        235G
Swap:          7.6G         39M        7.6G
              total        used        free      shared  buff/cache   available
Mem:           251G         14G        216G        4.2M         21G        235G
Swap:          7.6G         39M        7.6G
