              total        used        free      shared  buff/cache   available
Mem:           251G        6.1G        218G        2.6M         27G        244G
Swap:          7.6G        203M        7.4G
              total        used        free      shared  buff/cache   available
Mem:           251G        6.6G        217G        2.6M         27G        243G
Swap:          7.6G        203M        7.4G
              total        used        free      shared  buff/cache   available
Mem:           251G        7.4G        217G        2.6M         27G        242G
Swap:          7.6G        203M        7.4G
              total        used        free      shared  buff/cache   available
Mem:           251G        8.4G        215G        2.6M         27G        241G
Swap:          7.6G        203M        7.4G
              total        used        free      shared  buff/cache   available
Mem:           251G        7.9G        216G        2.6M         27G        242G
Swap:          7.6G        203M        7.4G
              total        used        free      shared  buff/cache   available
Mem:           251G        9.0G        214G        2.6M         27G        241G
Swap:          7.6G        203M        7.4G
              total        used        free      shared  buff/cache   available
Mem:           251G        8.2G        215G        2.6M         27G        242G
Swap:          7.6G        203M        7.4G
              total        used        free      shared  buff/cache   available
Mem:           251G        8.7G        215G        2.6M         27G        241G
Swap:          7.6G        203M        7.4G
              total        used        free      shared  buff/cache   available
Mem:           251G        8.7G        215G        2.6M         27G        241G
Swap:          7.6G        203M        7.4G
              total        used        free      shared  buff/cache   available
Mem:           251G        8.8G        215G        2.6M         27G        241G
Swap:          7.6G        203M        7.4G
              total        used        free      shared  buff/cache   available
Mem:           251G        8.7G        215G        2.6M         27G        241G
Swap:          7.6G        203M        7.4G
              total        used        free      shared  buff/cache   available
Mem:           251G        8.7G        215G        2.6M         27G        241G
Swap:          7.6G        203M        7.4G
              total        used        free      shared  buff/cache   available
Mem:           251G        8.3G        215G        2.6M         27G        241G
Swap:          7.6G        203M        7.4G
              total        used        free      shared  buff/cache   available
Mem:           251G        8.2G        215G        2.6M         27G        242G
Swap:          7.6G        203M        7.4G
              total        used        free      shared  buff/cache   available
Mem:           251G        8.5G        215G        2.6M         27G        241G
Swap:          7.6G        203M        7.4G
              total        used        free      shared  buff/cache   available
Mem:           251G        8.6G        215G        2.6M         27G        241G
Swap:          7.6G        203M        7.4G
              total        used        free      shared  buff/cache   available
Mem:           251G        8.7G        215G        2.6M         27G        241G
Swap:          7.6G        203M        7.4G
              total        used        free      shared  buff/cache   available
Mem:           251G        8.5G        215G        2.6M         27G        241G
Swap:          7.6G        203M        7.4G
              total        used        free      shared  buff/cache   available
Mem:           251G        8.6G        215G        2.6M         27G        241G
Swap:          7.6G        203M        7.4G
              total        used        free      shared  buff/cache   available
Mem:           251G        8.6G        215G        2.6M         27G        241G
Swap:          7.6G        203M        7.4G
              total        used        free      shared  buff/cache   available
Mem:           251G        8.1G        215G        2.6M         27G        242G
Swap:          7.6G        203M        7.4G
              total        used        free      shared  buff/cache   available
Mem:           251G        8.5G        215G        2.6M         27G        241G
Swap:          7.6G        203M        7.4G
              total        used        free      shared  buff/cache   available
Mem:           251G        8.4G        215G        2.6M         27G        241G
Swap:          7.6G        203M        7.4G
              total        used        free      shared  buff/cache   available
Mem:           251G        8.5G        215G        2.6M         27G        241G
Swap:          7.6G        203M        7.4G
              total        used        free      shared  buff/cache   available
Mem:           251G        8.8G        215G        2.6M         27G        241G
Swap:          7.6G        203M        7.4G
              total        used        free      shared  buff/cache   available
Mem:           251G        9.5G        214G        2.6M         27G        240G
Swap:          7.6G        203M        7.4G
              total        used        free      shared  buff/cache   available
Mem:           251G         10G        213G        2.6M         27G        239G
Swap:          7.6G        203M        7.4G
              total        used        free      shared  buff/cache   available
Mem:           251G        9.9G        214G        2.6M         27G        240G
Swap:          7.6G        203M        7.4G
              total        used        free      shared  buff/cache   available
Mem:           251G         10G        213G        2.6M         27G        240G
Swap:          7.6G        203M        7.4G
              total        used        free      shared  buff/cache   available
Mem:           251G         10G        213G        2.6M         27G        240G
Swap:          7.6G        203M        7.4G
              total        used        free      shared  buff/cache   available
Mem:           251G         10G        213G        2.6M         27G        240G
Swap:          7.6G        203M        7.4G
              total        used        free      shared  buff/cache   available
Mem:           251G         10G        213G        2.6M         27G        240G
Swap:          7.6G        203M        7.4G
              total        used        free      shared  buff/cache   available
Mem:           251G        8.6G        215G        2.6M         27G        241G
Swap:          7.6G        203M        7.4G
              total        used        free      shared  buff/cache   available
Mem:           251G         11G        212G        2.6M         27G        239G
Swap:          7.6G        203M        7.4G
              total        used        free      shared  buff/cache   available
Mem:           251G         10G        213G        2.6M         27G        240G
Swap:          7.6G        203M        7.4G
              total        used        free      shared  buff/cache   available
Mem:           251G         10G        213G        2.6M         27G        240G
Swap:          7.6G        203M        7.4G
              total        used        free      shared  buff/cache   available
Mem:           251G         10G        213G        2.6M         27G        240G
Swap:          7.6G        203M        7.4G
              total        used        free      shared  buff/cache   available
Mem:           251G         10G        213G        2.6M         27G        240G
Swap:          7.6G        203M        7.4G
              total        used        free      shared  buff/cache   available
Mem:           251G         10G        213G        2.6M         27G        240G
Swap:          7.6G        203M        7.4G
              total        used        free      shared  buff/cache   available
Mem:           251G        8.6G        215G        2.6M         27G        241G
Swap:          7.6G        203M        7.4G
              total        used        free      shared  buff/cache   available
Mem:           251G         11G        212G        2.6M         27G        239G
Swap:          7.6G        203M        7.4G
              total        used        free      shared  buff/cache   available
Mem:           251G        9.9G        214G        2.6M         27G        240G
Swap:          7.6G        203M        7.4G
              total        used        free      shared  buff/cache   available
Mem:           251G         10G        213G        2.6M         27G        240G
Swap:          7.6G        203M        7.4G
              total        used        free      shared  buff/cache   available
Mem:           251G        9.9G        214G        2.6M         27G        240G
Swap:          7.6G        203M        7.4G
              total        used        free      shared  buff/cache   available
Mem:           251G          9G        213G        2.6M         27G        240G
Swap:          7.6G        203M        7.4G
              total        used        free      shared  buff/cache   available
Mem:           251G        9.9G        214G        2.6M         27G        240G
Swap:          7.6G        203M        7.4G
              total        used        free      shared  buff/cache   available
Mem:           251G         10G        213G        2.6M         27G        240G
Swap:          7.6G        203M        7.4G
              total        used        free      shared  buff/cache   available
Mem:           251G        9.3G        214G        2.6M         27G        241G
Swap:          7.6G        203M        7.4G
              total        used        free      shared  buff/cache   available
Mem:           251G        9.9G        214G        2.6M         27G        240G
Swap:          7.6G        203M        7.4G
              total        used        free      shared  buff/cache   available
Mem:           251G        9.8G        214G        2.6M         27G        240G
Swap:          7.6G        203M        7.4G
              total        used        free      shared  buff/cache   available
Mem:           251G        9.9G        214G        2.6M         27G        240G
Swap:          7.6G        203M        7.4G
              total        used        free      shared  buff/cache   available
Mem:           251G        9.9G        214G        2.6M         27G        240G
Swap:          7.6G        203M        7.4G
              total        used        free      shared  buff/cache   available
Mem:           251G        8.0G        216G        2.6M         27G        242G
Swap:          7.6G        203M        7.4G
              total        used        free      shared  buff/cache   available
Mem:           251G         10G        213G        2.6M         27G        239G
Swap:          7.6G        203M        7.4G
              total        used        free      shared  buff/cache   available
Mem:           251G        9.5G        214G        2.6M         27G        240G
Swap:          7.6G        203M        7.4G
              total        used        free      shared  buff/cache   available
Mem:           251G        9.8G        214G        2.6M         27G        240G
Swap:          7.6G        203M        7.4G
              total        used        free      shared  buff/cache   available
Mem:           251G        9.7G        214G        2.6M         27G        240G
Swap:          7.6G        203M        7.4G
              total        used        free      shared  buff/cache   available
Mem:           251G        9.7G        214G        2.6M         27G        240G
Swap:          7.6G        203M        7.4G
              total        used        free      shared  buff/cache   available
Mem:           251G        9.6G        214G        2.6M         27G        240G
Swap:          7.6G        203M        7.4G
              total        used        free      shared  buff/cache   available
Mem:           251G        9.6G        214G        2.6M         27G        240G
Swap:          7.6G        203M        7.4G
              total        used        free      shared  buff/cache   available
Mem:           251G        9.0G        214G        2.6M         27G        241G
Swap:          7.6G        203M        7.4G
              total        used        free      shared  buff/cache   available
Mem:           251G        9.6G        214G        2.6M         27G        240G
Swap:          7.6G        203M        7.4G
              total        used        free      shared  buff/cache   available
Mem:           251G        9.6G        214G        2.6M         27G        240G
Swap:          7.6G        203M        7.4G
              total        used        free      shared  buff/cache   available
Mem:           251G        9.5G        214G        2.6M         27G        240G
Swap:          7.6G        203M        7.4G
              total        used        free      shared  buff/cache   available
Mem:           251G        9.5G        214G        2.6M         27G        240G
Swap:          7.6G        203M        7.4G
              total        used        free      shared  buff/cache   available
Mem:           251G        7.9G        216G        2.6M         27G        242G
Swap:          7.6G        203M        7.4G
              total        used        free      shared  buff/cache   available
Mem:           251G         10G        213G        2.6M         27G        239G
Swap:          7.6G        203M        7.4G
              total        used        free      shared  buff/cache   available
Mem:           251G        9.4G        214G        2.6M         27G        240G
Swap:          7.6G        203M        7.4G
              total        used        free      shared  buff/cache   available
Mem:           251G        9.4G        214G        2.6M         27G        240G
Swap:          7.6G        203M        7.4G
              total        used        free      shared  buff/cache   available
Mem:           251G        9.4G        214G        2.6M         27G        240G
Swap:          7.6G        203M        7.4G
              total        used        free      shared  buff/cache   available
Mem:           251G        9.5G        214G        2.6M         27G        240G
Swap:          7.6G        203M        7.4G
              total        used        free      shared  buff/cache   available
Mem:           251G        9.4G        214G        2.6M         27G        240G
Swap:          7.6G        203M        7.4G
              total        used        free      shared  buff/cache   available
Mem:           251G        9.7G        214G        2.6M         27G        240G
Swap:          7.6G        203M        7.4G
              total        used        free      shared  buff/cache   available
Mem:           251G        8.9G        215G        2.6M         27G        241G
Swap:          7.6G        203M        7.4G
              total        used        free      shared  buff/cache   available
Mem:           251G        9.3G        214G        2.6M         27G        240G
Swap:          7.6G        203M        7.4G
              total        used        free      shared  buff/cache   available
Mem:           251G        9.4G        214G        2.6M         27G        240G
Swap:          7.6G        203M        7.4G
              total        used        free      shared  buff/cache   available
Mem:           251G        9.3G        214G        2.6M         27G        240G
Swap:          7.6G        203M        7.4G
              total        used        free      shared  buff/cache   available
Mem:           251G        9.4G        214G        2.6M         27G        240G
Swap:          7.6G        203M        7.4G
              total        used        free      shared  buff/cache   available
Mem:           251G        9.0G        215G        2.6M         27G        241G
Swap:          7.6G        203M        7.4G
              total        used        free      shared  buff/cache   available
Mem:           251G        8.8G        215G        2.6M         27G        241G
Swap:          7.6G        203M        7.4G
              total        used        free      shared  buff/cache   available
Mem:           251G        9.2G        214G        2.6M         27G        241G
Swap:          7.6G        203M        7.4G
              total        used        free      shared  buff/cache   available
Mem:           251G        9.3G        214G        2.6M         27G        240G
Swap:          7.6G        203M        7.4G
              total        used        free      shared  buff/cache   available
Mem:           251G        9.2G        214G        2.6M         27G        241G
Swap:          7.6G        203M        7.4G
              total        used        free      shared  buff/cache   available
Mem:           251G        9.2G        214G        2.6M         27G        241G
Swap:          7.6G        203M        7.4G
              total        used        free      shared  buff/cache   available
Mem:           251G        9.1G        214G        2.6M         27G        241G
Swap:          7.6G        203M        7.4G
              total        used        free      shared  buff/cache   available
Mem:           251G        8.7G        215G        2.6M         27G        241G
Swap:          7.6G        203M        7.4G
              total        used        free      shared  buff/cache   available
Mem:           251G        9.2G        214G        2.6M         27G        241G
Swap:          7.6G        203M        7.4G
              total        used        free      shared  buff/cache   available
Mem:           251G        9.0G        214G        2.6M         27G        241G
Swap:          7.6G        203M        7.4G
              total        used        free      shared  buff/cache   available
Mem:           251G        9.1G        214G        2.6M         27G        241G
Swap:          7.6G        203M        7.4G
              total        used        free      shared  buff/cache   available
Mem:           251G        9.1G        214G        2.6M         27G        241G
Swap:          7.6G        203M        7.4G
              total        used        free      shared  buff/cache   available
Mem:           251G        9.2G        214G        2.6M         27G        241G
Swap:          7.6G        203M        7.4G
              total        used        free      shared  buff/cache   available
Mem:           251G        8.6G        215G        2.6M         27G        241G
Swap:          7.6G        203M        7.4G
              total        used        free      shared  buff/cache   available
Mem:           251G        9.0G        214G        2.6M         27G        241G
Swap:          7.6G        203M        7.4G
              total        used        free      shared  buff/cache   available
Mem:           251G        9.0G        214G        2.6M         27G        241G
Swap:          7.6G        203M        7.4G
              total        used        free      shared  buff/cache   available
Mem:           251G        9.0G        214G        2.6M         27G        241G
Swap:          7.6G        203M        7.4G
              total        used        free      shared  buff/cache   available
Mem:           251G        7.6G        216G        2.6M         27G        242G
Swap:          7.6G        203M        7.4G
              total        used        free      shared  buff/cache   available
Mem:           251G        8.8G        215G        2.6M         27G        241G
Swap:          7.6G        203M        7.4G
              total        used        free      shared  buff/cache   available
Mem:           251G        8.8G        215G        2.6M         27G        241G
Swap:          7.6G        203M        7.4G
              total        used        free      shared  buff/cache   available
Mem:           251G        8.9G        215G        2.6M         27G        241G
Swap:          7.6G        203M        7.4G
              total        used        free      shared  buff/cache   available
Mem:           251G        8.8G        215G        2.6M         27G        241G
Swap:          7.6G        203M        7.4G
              total        used        free      shared  buff/cache   available
Mem:           251G        8.9G        215G        2.6M         27G        241G
Swap:          7.6G        203M        7.4G
              total        used        free      shared  buff/cache   available
Mem:           251G        8.9G        215G        2.6M         27G        241G
Swap:          7.6G        203M        7.4G
              total        used        free      shared  buff/cache   available
Mem:           251G        8.4G        215G        2.6M         27G        241G
Swap:          7.6G        203M        7.4G
              total        used        free      shared  buff/cache   available
Mem:           251G        8.8G        215G        2.6M         27G        241G
Swap:          7.6G        203M        7.4G
              total        used        free      shared  buff/cache   available
Mem:           251G        8.8G        215G        2.6M         27G        241G
Swap:          7.6G        203M        7.4G
              total        used        free      shared  buff/cache   available
Mem:           251G        8.7G        215G        2.6M         27G        241G
Swap:          7.6G        203M        7.4G
              total        used        free      shared  buff/cache   available
Mem:           251G        8.6G        215G        2.6M         27G        241G
Swap:          7.6G        203M        7.4G
              total        used        free      shared  buff/cache   available
Mem:           251G        8.2G        215G        2.6M         27G        242G
Swap:          7.6G        203M        7.4G
              total        used        free      shared  buff/cache   available
Mem:           251G        8.6G        215G        2.6M         27G        241G
Swap:          7.6G        203M        7.4G
              total        used        free      shared  buff/cache   available
Mem:           251G        8.7G        215G        2.6M         27G        241G
Swap:          7.6G        203M        7.4G
              total        used        free      shared  buff/cache   available
Mem:           251G        8.6G        215G        2.6M         27G        241G
Swap:          7.6G        203M        7.4G
              total        used        free      shared  buff/cache   available
Mem:           251G        8.6G        215G        2.6M         27G        241G
Swap:          7.6G        203M        7.4G
              total        used        free      shared  buff/cache   available
Mem:           251G        7.9G        216G        2.6M         27G        242G
Swap:          7.6G        203M        7.4G
              total        used        free      shared  buff/cache   available
Mem:           251G        8.5G        215G        2.6M         27G        241G
Swap:          7.6G        203M        7.4G
              total        used        free      shared  buff/cache   available
Mem:           251G        8.5G        215G        2.6M         27G        241G
Swap:          7.6G        203M        7.4G
              total        used        free      shared  buff/cache   available
Mem:           251G        8.6G        215G        2.6M         27G        241G
Swap:          7.6G        203M        7.4G
              total        used        free      shared  buff/cache   available
Mem:           251G        8.5G        215G        2.6M         27G        241G
Swap:          7.6G        203M        7.4G
              total        used        free      shared  buff/cache   available
Mem:           251G        8.0G        215G        2.6M         27G        242G
Swap:          7.6G        203M        7.4G
              total        used        free      shared  buff/cache   available
Mem:           251G        8.5G        215G        2.6M         27G        241G
Swap:          7.6G        203M        7.4G
              total        used        free      shared  buff/cache   available
Mem:           251G        8.5G        215G        2.6M         27G        241G
Swap:          7.6G        203M        7.4G
              total        used        free      shared  buff/cache   available
Mem:           251G        8.5G        215G        2.6M         27G        241G
Swap:          7.6G        203M        7.4G
              total        used        free      shared  buff/cache   available
Mem:           251G        8.6G        215G        2.6M         27G        241G
Swap:          7.6G        203M        7.4G
              total        used        free      shared  buff/cache   available
Mem:           251G        8.0G        215G        2.6M         27G        242G
Swap:          7.6G        203M        7.4G
              total        used        free      shared  buff/cache   available
Mem:           251G        8.4G        215G        2.6M         27G        241G
Swap:          7.6G        203M        7.4G
              total        used        free      shared  buff/cache   available
Mem:           251G        8.4G        215G        2.6M         27G        241G
Swap:          7.6G        203M        7.4G
              total        used        free      shared  buff/cache   available
Mem:           251G        9.1G        214G        2.6M         27G        241G
Swap:          7.6G        203M        7.4G
              total        used        free      shared  buff/cache   available
Mem:           251G        9.4G        214G        2.6M         27G        240G
Swap:          7.6G        203M        7.4G
              total        used        free      shared  buff/cache   available
Mem:           251G        9.9G        214G        2.6M         27G        240G
Swap:          7.6G        203M        7.4G
              total        used        free      shared  buff/cache   available
Mem:           251G         10G        213G        2.6M         27G        240G
Swap:          7.6G        203M        7.4G
              total        used        free      shared  buff/cache   available
Mem:           251G         10G        213G        2.6M         27G        240G
Swap:          7.6G        203M        7.4G
              total        used        free      shared  buff/cache   available
Mem:           251G        9.0G        214G        2.6M         27G        241G
Swap:          7.6G        203M        7.4G
              total        used        free      shared  buff/cache   available
Mem:           251G        9.3G        214G        2.6M         27G        241G
Swap:          7.6G        203M        7.4G
              total        used        free      shared  buff/cache   available
Mem:           251G        9.9G        214G        2.6M         27G        240G
Swap:          7.6G        203M        7.4G
              total        used        free      shared  buff/cache   available
Mem:           251G          9G        214G        2.6M         27G        240G
Swap:          7.6G        203M        7.4G
              total        used        free      shared  buff/cache   available
Mem:           251G         10G        213G        2.6M         27G        240G
Swap:          7.6G        203M        7.4G
              total        used        free      shared  buff/cache   available
Mem:           251G          9G        214G        2.6M         27G        240G
Swap:          7.6G        203M        7.4G
              total        used        free      shared  buff/cache   available
Mem:           251G        9.5G        214G        2.6M         27G        240G
Swap:          7.6G        203M        7.4G
              total        used        free      shared  buff/cache   available
Mem:           251G        9.8G        214G        2.6M         27G        240G
Swap:          7.6G        203M        7.4G
              total        used        free      shared  buff/cache   available
Mem:           251G        9.9G        214G        2.6M         27G        240G
Swap:          7.6G        203M        7.4G
              total        used        free      shared  buff/cache   available
Mem:           251G        9.0G        214G        2.6M         27G        241G
Swap:          7.6G        203M        7.4G
              total        used        free      shared  buff/cache   available
Mem:           251G        8.9G        215G        2.6M         27G        241G
Swap:          7.6G        203M        7.4G
              total        used        free      shared  buff/cache   available
Mem:           251G        9.7G        214G        2.6M         27G        240G
Swap:          7.6G        203M        7.4G
              total        used        free      shared  buff/cache   available
Mem:           251G        9.7G        214G        2.6M         27G        240G
Swap:          7.6G        203M        7.4G
              total        used        free      shared  buff/cache   available
Mem:           251G        9.8G        214G        2.6M         27G        240G
Swap:          7.6G        203M        7.4G
              total        used        free      shared  buff/cache   available
Mem:           251G        9.1G        214G        2.6M         27G        241G
Swap:          7.6G        203M        7.4G
              total        used        free      shared  buff/cache   available
Mem:           251G        9.3G        214G        2.6M         27G        240G
Swap:          7.6G        203M        7.4G
              total        used        free      shared  buff/cache   available
Mem:           251G        9.6G        214G        2.6M         27G        240G
Swap:          7.6G        203M        7.4G
              total        used        free      shared  buff/cache   available
Mem:           251G        9.7G        214G        2.6M         27G        240G
Swap:          7.6G        203M        7.4G
              total        used        free      shared  buff/cache   available
Mem:           251G        9.4G        214G        2.6M         27G        240G
Swap:          7.6G        203M        7.4G
              total        used        free      shared  buff/cache   available
Mem:           251G        8.9G        215G        2.6M         27G        241G
Swap:          7.6G        203M        7.4G
              total        used        free      shared  buff/cache   available
Mem:           251G        9.6G        214G        2.6M         27G        240G
Swap:          7.6G        203M        7.4G
              total        used        free      shared  buff/cache   available
Mem:           251G        9.6G        214G        2.6M         27G        240G
Swap:          7.6G        203M        7.4G
              total        used        free      shared  buff/cache   available
Mem:           251G        8.7G        215G        2.6M         27G        241G
Swap:          7.6G        203M        7.4G
              total        used        free      shared  buff/cache   available
Mem:           251G        8.4G        215G        2.6M         27G        241G
Swap:          7.6G        203M        7.4G
              total        used        free      shared  buff/cache   available
Mem:           251G        9.2G        214G        2.6M         27G        241G
Swap:          7.6G        203M        7.4G
              total        used        free      shared  buff/cache   available
Mem:           251G        9.2G        214G        2.6M         27G        241G
Swap:          7.6G        203M        7.4G
              total        used        free      shared  buff/cache   available
Mem:           251G        8.6G        215G        2.6M         27G        241G
Swap:          7.6G        203M        7.4G
              total        used        free      shared  buff/cache   available
Mem:           251G        8.5G        215G        2.6M         27G        241G
Swap:          7.6G        203M        7.4G
              total        used        free      shared  buff/cache   available
Mem:           251G        9.1G        214G        2.6M         27G        241G
Swap:          7.6G        203M        7.4G
              total        used        free      shared  buff/cache   available
Mem:           251G        9.2G        214G        2.6M         27G        241G
Swap:          7.6G        203M        7.4G
              total        used        free      shared  buff/cache   available
Mem:           251G        8.6G        215G        2.6M         27G        241G
Swap:          7.6G        203M        7.4G
              total        used        free      shared  buff/cache   available
Mem:           251G        8.6G        215G        2.6M         27G        241G
Swap:          7.6G        203M        7.4G
              total        used        free      shared  buff/cache   available
Mem:           251G        9.0G        214G        2.6M         27G        241G
Swap:          7.6G        203M        7.4G
              total        used        free      shared  buff/cache   available
Mem:           251G        9.1G        214G        2.6M         27G        241G
Swap:          7.6G        203M        7.4G
              total        used        free      shared  buff/cache   available
Mem:           251G        8.2G        215G        2.6M         27G        242G
Swap:          7.6G        203M        7.4G
              total        used        free      shared  buff/cache   available
Mem:           251G        8.2G        215G        2.6M         27G        242G
Swap:          7.6G        203M        7.4G
              total        used        free      shared  buff/cache   available
Mem:           251G        8.6G        215G        2.6M         27G        241G
Swap:          7.6G        203M        7.4G
              total        used        free      shared  buff/cache   available
Mem:           251G        7.0G        216G        2.6M         27G        243G
Swap:          7.6G        203M        7.4G
              total        used        free      shared  buff/cache   available
Mem:           251G        8.6G        215G        2.6M         27G        241G
Swap:          7.6G        203M        7.4G
              total        used        free      shared  buff/cache   available
Mem:           251G        8.5G        215G        2.6M         27G        241G
Swap:          7.6G        203M        7.4G
              total        used        free      shared  buff/cache   available
Mem:           251G        8.5G        215G        2.6M         27G        241G
Swap:          7.6G        203M        7.4G
              total        used        free      shared  buff/cache   available
Mem:           251G        8.4G        215G        2.6M         27G        241G
Swap:          7.6G        203M        7.4G
              total        used        free      shared  buff/cache   available
Mem:           251G        8.0G        215G        2.6M         27G        242G
Swap:          7.6G        203M        7.4G
              total        used        free      shared  buff/cache   available
Mem:           251G        8.5G        215G        2.6M         27G        241G
Swap:          7.6G        203M        7.4G
              total        used        free      shared  buff/cache   available
Mem:           251G        7.2G        216G        2.6M         27G        243G
Swap:          7.6G        203M        7.4G
              total        used        free      shared  buff/cache   available
Mem:           251G        7.3G        216G        2.6M         27G        242G
Swap:          7.6G        203M        7.4G
              total        used        free      shared  buff/cache   available
Mem:           251G        8.2G        215G        2.6M         27G        242G
Swap:          7.6G        203M        7.4G
              total        used        free      shared  buff/cache   available
Mem:           251G        8.3G        215G        2.6M         27G        241G
Swap:          7.6G        203M        7.4G
              total        used        free      shared  buff/cache   available
Mem:           251G        8.3G        215G        2.6M         27G        241G
Swap:          7.6G        203M        7.4G
              total        used        free      shared  buff/cache   available
Mem:           251G        9.0G        214G        2.6M         27G        241G
Swap:          7.6G        203M        7.4G
              total        used        free      shared  buff/cache   available
Mem:           251G          9G        213G        2.6M         27G        240G
Swap:          7.6G        203M        7.4G
              total        used        free      shared  buff/cache   available
Mem:           251G        9.0G        214G        2.6M         27G        241G
Swap:          7.6G        203M        7.4G
              total        used        free      shared  buff/cache   available
Mem:           251G        9.3G        214G        2.6M         27G        241G
Swap:          7.6G        203M        7.4G
              total        used        free      shared  buff/cache   available
Mem:           251G        9.9G        214G        2.6M         27G        240G
Swap:          7.6G        203M        7.4G
              total        used        free      shared  buff/cache   available
Mem:           251G          9G        213G        2.6M         27G        240G
Swap:          7.6G        203M        7.4G
              total        used        free      shared  buff/cache   available
Mem:           251G        9.8G        214G        2.6M         27G        240G
Swap:          7.6G        203M        7.4G
              total        used        free      shared  buff/cache   available
Mem:           251G        9.8G        214G        2.6M         27G        240G
Swap:          7.6G        203M        7.4G
              total        used        free      shared  buff/cache   available
Mem:           251G         10G        213G        2.6M         27G        240G
Swap:          7.6G        203M        7.4G
              total        used        free      shared  buff/cache   available
Mem:           251G        9.6G        214G        2.6M         27G        240G
Swap:          7.6G        203M        7.4G
              total        used        free      shared  buff/cache   available
Mem:           251G        9.7G        214G        2.6M         27G        240G
Swap:          7.6G        203M        7.4G
              total        used        free      shared  buff/cache   available
Mem:           251G         10G        213G        2.6M         27G        240G
Swap:          7.6G        203M        7.4G
              total        used        free      shared  buff/cache   available
Mem:           251G        9.1G        214G        2.6M         27G        241G
Swap:          7.6G        203M        7.4G
              total        used        free      shared  buff/cache   available
Mem:           251G        9.4G        214G        2.6M         27G        240G
Swap:          7.6G        203M        7.4G
              total        used        free      shared  buff/cache   available
Mem:           251G        9.9G        214G        2.6M         27G        240G
Swap:          7.6G        203M        7.4G
              total        used        free      shared  buff/cache   available
Mem:           251G        9.7G        214G        2.6M         27G        240G
Swap:          7.6G        203M        7.4G
              total        used        free      shared  buff/cache   available
Mem:           251G        9.3G        214G        2.6M         27G        240G
Swap:          7.6G        203M        7.4G
              total        used        free      shared  buff/cache   available
Mem:           251G        9.9G        214G        2.6M         27G        240G
Swap:          7.6G        203M        7.4G
              total        used        free      shared  buff/cache   available
Mem:           251G        9.7G        214G        2.6M         27G        240G
Swap:          7.6G        203M        7.4G
              total        used        free      shared  buff/cache   available
Mem:           251G        9.3G        214G        2.6M         27G        240G
Swap:          7.6G        203M        7.4G
              total        used        free      shared  buff/cache   available
Mem:           251G        9.8G        214G        2.6M         27G        240G
Swap:          7.6G        203M        7.4G
              total        used        free      shared  buff/cache   available
Mem:           251G        9.0G        215G        2.6M         27G        241G
Swap:          7.6G        203M        7.4G
              total        used        free      shared  buff/cache   available
Mem:           251G        9.3G        214G        2.6M         27G        240G
Swap:          7.6G        203M        7.4G
              total        used        free      shared  buff/cache   available
Mem:           251G        9.8G        214G        2.6M         27G        240G
Swap:          7.6G        203M        7.4G
              total        used        free      shared  buff/cache   available
Mem:           251G        9.4G        214G        2.6M         27G        240G
Swap:          7.6G        203M        7.4G
              total        used        free      shared  buff/cache   available
Mem:           251G        9.5G        214G        2.6M         27G        240G
Swap:          7.6G        203M        7.4G
              total        used        free      shared  buff/cache   available
Mem:           251G        8.9G        215G        2.6M         27G        241G
Swap:          7.6G        203M        7.4G
              total        used        free      shared  buff/cache   available
Mem:           251G        9.0G        214G        2.6M         27G        241G
Swap:          7.6G        203M        7.4G
              total        used        free      shared  buff/cache   available
Mem:           251G        9.7G        214G        2.6M         27G        240G
Swap:          7.6G        203M        7.4G
              total        used        free      shared  buff/cache   available
Mem:           251G        9.4G        214G        2.6M         27G        240G
Swap:          7.6G        203M        7.4G
              total        used        free      shared  buff/cache   available
Mem:           251G        9.3G        214G        2.6M         27G        240G
Swap:          7.6G        203M        7.4G
              total        used        free      shared  buff/cache   available
Mem:           251G        9.6G        214G        2.6M         27G        240G
Swap:          7.6G        203M        7.4G
              total        used        free      shared  buff/cache   available
Mem:           251G        9.1G        214G        2.6M         27G        241G
Swap:          7.6G        203M        7.4G
              total        used        free      shared  buff/cache   available
Mem:           251G        8.9G        215G        2.6M         27G        241G
Swap:          7.6G        203M        7.4G
              total        used        free      shared  buff/cache   available
Mem:           251G        8.9G        215G        2.6M         27G        241G
Swap:          7.6G        203M        7.4G
              total        used        free      shared  buff/cache   available
Mem:           251G        8.2G        215G        2.6M         27G        242G
Swap:          7.6G        203M        7.4G
              total        used        free      shared  buff/cache   available
Mem:           251G        8.7G        215G        2.6M         27G        241G
Swap:          7.6G        203M        7.4G
              total        used        free      shared  buff/cache   available
Mem:           251G        9.5G        214G        2.6M         27G        240G
Swap:          7.6G        203M        7.4G
              total        used        free      shared  buff/cache   available
Mem:           251G        9.1G        214G        2.6M         27G        241G
Swap:          7.6G        203M        7.4G
              total        used        free      shared  buff/cache   available
Mem:           251G        9.2G        214G        2.6M         27G        241G
Swap:          7.6G        203M        7.4G
              total        used        free      shared  buff/cache   available
Mem:           251G        9.0G        214G        2.6M         27G        241G
Swap:          7.6G        203M        7.4G
              total        used        free      shared  buff/cache   available
Mem:           251G        9.2G        214G        2.6M         27G        241G
Swap:          7.6G        203M        7.4G
              total        used        free      shared  buff/cache   available
Mem:           251G        9.2G        214G        2.6M         27G        241G
Swap:          7.6G        203M        7.4G
              total        used        free      shared  buff/cache   available
Mem:           251G        7.9G        216G        2.6M         27G        242G
Swap:          7.6G        203M        7.4G
              total        used        free      shared  buff/cache   available
Mem:           251G        8.5G        215G        2.6M         27G        241G
Swap:          7.6G        203M        7.4G
              total        used        free      shared  buff/cache   available
Mem:           251G        8.9G        215G        2.6M         27G        241G
Swap:          7.6G        203M        7.4G
              total        used        free      shared  buff/cache   available
Mem:           251G        8.8G        215G        2.6M         27G        241G
Swap:          7.6G        203M        7.4G
              total        used        free      shared  buff/cache   available
Mem:           251G        8.6G        215G        2.6M         27G        241G
Swap:          7.6G        203M        7.4G
              total        used        free      shared  buff/cache   available
Mem:           251G        9.0G        214G        2.6M         27G        241G
Swap:          7.6G        203M        7.4G
              total        used        free      shared  buff/cache   available
Mem:           251G        8.3G        215G        2.6M         27G        241G
Swap:          7.6G        203M        7.4G
              total        used        free      shared  buff/cache   available
Mem:           251G        8.6G        215G        2.6M         27G        241G
Swap:          7.6G        203M        7.4G
              total        used        free      shared  buff/cache   available
Mem:           251G        8.5G        215G        2.6M         27G        241G
Swap:          7.6G        203M        7.4G
              total        used        free      shared  buff/cache   available
Mem:           251G        8.7G        215G        2.6M         27G        241G
Swap:          7.6G        203M        7.4G
              total        used        free      shared  buff/cache   available
Mem:           251G        8.8G        215G        2.6M         27G        241G
Swap:          7.6G        203M        7.4G
              total        used        free      shared  buff/cache   available
Mem:           251G        7.7G        216G        2.6M         27G        242G
Swap:          7.6G        203M        7.4G
              total        used        free      shared  buff/cache   available
Mem:           251G        8.3G        215G        2.6M         27G        242G
Swap:          7.6G        203M        7.4G
              total        used        free      shared  buff/cache   available
Mem:           251G        7.9G        216G        2.6M         27G        242G
Swap:          7.6G        203M        7.4G
              total        used        free      shared  buff/cache   available
Mem:           251G        8.3G        215G        2.6M         27G        241G
Swap:          7.6G        203M        7.4G
              total        used        free      shared  buff/cache   available
Mem:           251G        8.1G        215G        2.6M         27G        242G
Swap:          7.6G        203M        7.4G
              total        used        free      shared  buff/cache   available
Mem:           251G        8.0G        215G        2.6M         27G        242G
Swap:          7.6G        203M        7.4G
              total        used        free      shared  buff/cache   available
Mem:           251G        8.2G        215G        2.6M         27G        242G
Swap:          7.6G        203M        7.4G
              total        used        free      shared  buff/cache   available
Mem:           251G        8.2G        215G        2.6M         27G        242G
Swap:          7.6G        203M        7.4G
              total        used        free      shared  buff/cache   available
Mem:           251G        7.8G        216G        2.6M         27G        242G
Swap:          7.6G        203M        7.4G
              total        used        free      shared  buff/cache   available
Mem:           251G        7.5G        216G        2.6M         27G        242G
Swap:          7.6G        203M        7.4G
              total        used        free      shared  buff/cache   available
Mem:           251G        8.2G        215G        2.6M         27G        242G
Swap:          7.6G        203M        7.4G
              total        used        free      shared  buff/cache   available
Mem:           251G        7.6G        216G        2.6M         27G        242G
Swap:          7.6G        203M        7.4G
              total        used        free      shared  buff/cache   available
Mem:           251G        7.9G        216G        2.6M         27G        242G
Swap:          7.6G        203M        7.4G
              total        used        free      shared  buff/cache   available
Mem:           251G        7.0G        216G        2.6M         27G        243G
Swap:          7.6G        203M        7.4G
              total        used        free      shared  buff/cache   available
Mem:           251G        6.5G        217G        2.6M         27G        243G
Swap:          7.6G        203M        7.4G
