              total        used        free      shared  buff/cache   available
Mem:           251G        932M        234G        3.8M         16G        249G
Swap:          7.6G        138M        7.5G
              total        used        free      shared  buff/cache   available
Mem:           251G        1.5G        233G        3.8M         16G        248G
Swap:          7.6G        138M        7.5G
              total        used        free      shared  buff/cache   available
Mem:           251G        3.1G        231G        3.8M         16G        247G
Swap:          7.6G        138M        7.5G
              total        used        free      shared  buff/cache   available
Mem:           251G        4.7G        230G        3.8M         16G        245G
Swap:          7.6G        138M        7.5G
              total        used        free      shared  buff/cache   available
Mem:           251G        5.1G        229G        3.8M         16G        245G
Swap:          7.6G        138M        7.5G
              total        used        free      shared  buff/cache   available
Mem:           251G        5.1G        229G        3.8M         16G        245G
Swap:          7.6G        138M        7.5G
              total        used        free      shared  buff/cache   available
Mem:           251G        5.3G        229G        3.8M         16G        244G
Swap:          7.6G        138M        7.5G
              total        used        free      shared  buff/cache   available
Mem:           251G        5.3G        229G        3.8M         16G        244G
Swap:          7.6G        138M        7.5G
              total        used        free      shared  buff/cache   available
Mem:           251G        5.8G        229G        3.8M         16G        244G
Swap:          7.6G        138M        7.5G
              total        used        free      shared  buff/cache   available
Mem:           251G        7.8G        227G        3.8M         16G        242G
Swap:          7.6G        138M        7.5G
              total        used        free      shared  buff/cache   available
Mem:           251G        8.6G        226G        3.8M         16G        241G
Swap:          7.6G        138M        7.5G
              total        used        free      shared  buff/cache   available
Mem:           251G        8.5G        226G        3.8M         16G        241G
Swap:          7.6G        138M        7.5G
              total        used        free      shared  buff/cache   available
Mem:           251G        8.8G        226G        3.8M         16G        241G
Swap:          7.6G        138M        7.5G
              total        used        free      shared  buff/cache   available
Mem:           251G        8.2G        226G        3.8M         16G        242G
Swap:          7.6G        138M        7.5G
              total        used        free      shared  buff/cache   available
Mem:           251G        8.1G        226G        3.8M         16G        242G
Swap:          7.6G        138M        7.5G
              total        used        free      shared  buff/cache   available
Mem:           251G        8.8G        226G        3.8M         16G        241G
Swap:          7.6G        138M        7.5G
              total        used        free      shared  buff/cache   available
Mem:           251G        8.2G        226G        3.8M         16G        242G
Swap:          7.6G        138M        7.5G
              total        used        free      shared  buff/cache   available
Mem:           251G        7.6G        227G        3.8M         16G        242G
Swap:          7.6G        138M        7.5G
              total        used        free      shared  buff/cache   available
Mem:           251G        8.7G        226G        3.8M         16G        241G
Swap:          7.6G        138M        7.5G
              total        used        free      shared  buff/cache   available
Mem:           251G        8.8G        226G        3.8M         16G        241G
Swap:          7.6G        138M        7.5G
              total        used        free      shared  buff/cache   available
Mem:           251G        8.0G        226G        3.8M         16G        242G
Swap:          7.6G        138M        7.5G
              total        used        free      shared  buff/cache   available
Mem:           251G        8.3G        226G        3.8M         16G        241G
Swap:          7.6G        138M        7.5G
              total        used        free      shared  buff/cache   available
Mem:           251G        8.8G        226G        3.8M         16G        241G
Swap:          7.6G        138M        7.5G
              total        used        free      shared  buff/cache   available
Mem:           251G        7.9G        227G        3.8M         16G        242G
Swap:          7.6G        138M        7.5G
              total        used        free      shared  buff/cache   available
Mem:           251G        7.9G        227G        3.8M         16G        242G
Swap:          7.6G        138M        7.5G
              total        used        free      shared  buff/cache   available
Mem:           251G        8.8G        226G        3.8M         16G        241G
Swap:          7.6G        138M        7.5G
              total        used        free      shared  buff/cache   available
Mem:           251G        8.1G        226G        3.8M         16G        242G
Swap:          7.6G        138M        7.5G
              total        used        free      shared  buff/cache   available
Mem:           251G        7.6G        227G        3.8M         16G        242G
Swap:          7.6G        138M        7.5G
              total        used        free      shared  buff/cache   available
Mem:           251G        8.7G        226G        3.8M         16G        241G
Swap:          7.6G        138M        7.5G
              total        used        free      shared  buff/cache   available
Mem:           251G        7.2G        227G        3.8M         16G        243G
Swap:          7.6G        138M        7.5G
              total        used        free      shared  buff/cache   available
Mem:           251G        7.5G        227G        3.8M         16G        242G
Swap:          7.6G        138M        7.5G
              total        used        free      shared  buff/cache   available
Mem:           251G        8.5G        226G        3.8M         16G        241G
Swap:          7.6G        138M        7.5G
              total        used        free      shared  buff/cache   available
Mem:           251G        7.1G        227G        3.8M         16G        243G
Swap:          7.6G        138M        7.5G
              total        used        free      shared  buff/cache   available
Mem:           251G        7.4G        227G        3.8M         16G        242G
Swap:          7.6G        138M        7.5G
              total        used        free      shared  buff/cache   available
Mem:           251G        8.5G        226G        3.8M         16G        241G
Swap:          7.6G        138M        7.5G
              total        used        free      shared  buff/cache   available
Mem:           251G        7.5G        227G        3.8M         16G        242G
Swap:          7.6G        138M        7.5G
              total        used        free      shared  buff/cache   available
Mem:           251G        7.5G        227G        3.8M         16G        242G
Swap:          7.6G        138M        7.5G
              total        used        free      shared  buff/cache   available
Mem:           251G        8.6G        226G        3.8M         16G        241G
Swap:          7.6G        138M        7.5G
              total        used        free      shared  buff/cache   available
Mem:           251G        7.9G        227G        3.8M         16G        242G
Swap:          7.6G        138M        7.5G
              total        used        free      shared  buff/cache   available
Mem:           251G        7.8G        227G        3.8M         16G        242G
Swap:          7.6G        138M        7.5G
              total        used        free      shared  buff/cache   available
Mem:           251G        8.8G        226G        3.8M         16G        241G
Swap:          7.6G        138M        7.5G
              total        used        free      shared  buff/cache   available
Mem:           251G        7.9G        227G        3.8M         16G        242G
Swap:          7.6G        138M        7.5G
              total        used        free      shared  buff/cache   available
Mem:           251G        8.2G        226G        3.8M         16G        242G
Swap:          7.6G        138M        7.5G
              total        used        free      shared  buff/cache   available
Mem:           251G        8.0G        226G        3.8M         16G        242G
Swap:          7.6G        138M        7.5G
              total        used        free      shared  buff/cache   available
Mem:           251G        7.6G        227G        3.8M         16G        242G
Swap:          7.6G        138M        7.5G
              total        used        free      shared  buff/cache   available
Mem:           251G        8.7G        226G        3.8M         16G        241G
Swap:          7.6G        138M        7.5G
              total        used        free      shared  buff/cache   available
Mem:           251G        8.0G        226G        3.8M         16G        242G
Swap:          7.6G        138M        7.5G
              total        used        free      shared  buff/cache   available
Mem:           251G        8.3G        226G        3.8M         16G        241G
Swap:          7.6G        138M        7.5G
              total        used        free      shared  buff/cache   available
Mem:           251G        7.9G        227G        3.8M         16G        242G
Swap:          7.6G        138M        7.5G
              total        used        free      shared  buff/cache   available
Mem:           251G        7.9G        227G        3.8M         16G        242G
Swap:          7.6G        138M        7.5G
              total        used        free      shared  buff/cache   available
Mem:           251G        7.5G        227G        3.8M         16G        242G
Swap:          7.6G        138M        7.5G
              total        used        free      shared  buff/cache   available
Mem:           251G        7.6G        227G        3.8M         16G        242G
Swap:          7.6G        138M        7.5G
              total        used        free      shared  buff/cache   available
Mem:           251G        8.3G        226G        3.8M         16G        241G
Swap:          7.6G        138M        7.5G
              total        used        free      shared  buff/cache   available
Mem:           251G        8.2G        226G        3.8M         16G        242G
Swap:          7.6G        138M        7.5G
              total        used        free      shared  buff/cache   available
Mem:           251G        8.4G        226G        3.8M         16G        241G
Swap:          7.6G        138M        7.5G
              total        used        free      shared  buff/cache   available
Mem:           251G        7.9G        226G        3.8M         16G        242G
Swap:          7.6G        138M        7.5G
              total        used        free      shared  buff/cache   available
Mem:           251G        8.2G        226G        3.8M         16G        242G
Swap:          7.6G        138M        7.5G
              total        used        free      shared  buff/cache   available
Mem:           251G        7.6G        227G        3.8M         16G        242G
Swap:          7.6G        138M        7.5G
              total        used        free      shared  buff/cache   available
Mem:           251G        8.1G        226G        3.8M         16G        242G
Swap:          7.6G        138M        7.5G
              total        used        free      shared  buff/cache   available
Mem:           251G        7.7G        227G        3.8M         16G        242G
Swap:          7.6G        138M        7.5G
              total        used        free      shared  buff/cache   available
Mem:           251G        8.1G        226G        3.8M         16G        242G
Swap:          7.6G        138M        7.5G
              total        used        free      shared  buff/cache   available
Mem:           251G        7.9G        226G        3.8M         16G        242G
Swap:          7.6G        138M        7.5G
              total        used        free      shared  buff/cache   available
Mem:           251G        8.2G        226G        3.8M         16G        242G
Swap:          7.6G        138M        7.5G
              total        used        free      shared  buff/cache   available
Mem:           251G        8.1G        226G        3.8M         16G        242G
Swap:          7.6G        138M        7.5G
              total        used        free      shared  buff/cache   available
Mem:           251G        6.8G        228G        3.8M         16G        243G
Swap:          7.6G        138M        7.5G
              total        used        free      shared  buff/cache   available
Mem:           251G        7.4G        227G        3.8M         16G        242G
Swap:          7.6G        138M        7.5G
              total        used        free      shared  buff/cache   available
Mem:           251G        8.0G        226G        3.8M         16G        242G
Swap:          7.6G        138M        7.5G
              total        used        free      shared  buff/cache   available
Mem:           251G        7.7G        227G        3.8M         16G        242G
Swap:          7.6G        138M        7.5G
              total        used        free      shared  buff/cache   available
Mem:           251G        7.5G        227G        3.8M         16G        242G
Swap:          7.6G        138M        7.5G
              total        used        free      shared  buff/cache   available
Mem:           251G        7.9G        227G        3.8M         16G        242G
Swap:          7.6G        138M        7.5G
              total        used        free      shared  buff/cache   available
Mem:           251G        7.7G        227G        3.8M         16G        242G
Swap:          7.6G        138M        7.5G
              total        used        free      shared  buff/cache   available
Mem:           251G        8.4G        226G        3.8M         16G        241G
Swap:          7.6G        138M        7.5G
              total        used        free      shared  buff/cache   available
Mem:           251G        7.7G        227G        3.8M         16G        242G
Swap:          7.6G        138M        7.5G
              total        used        free      shared  buff/cache   available
Mem:           251G        8.1G        226G        3.8M         16G        242G
Swap:          7.6G        138M        7.5G
              total        used        free      shared  buff/cache   available
Mem:           251G        7.4G        227G        3.8M         16G        242G
Swap:          7.6G        138M        7.5G
              total        used        free      shared  buff/cache   available
Mem:           251G        7.4G        227G        3.8M         16G        242G
Swap:          7.6G        138M        7.5G
              total        used        free      shared  buff/cache   available
Mem:           251G        7.5G        227G        3.8M         16G        242G
Swap:          7.6G        138M        7.5G
              total        used        free      shared  buff/cache   available
Mem:           251G        7.8G        227G        3.8M         16G        242G
Swap:          7.6G        138M        7.5G
              total        used        free      shared  buff/cache   available
Mem:           251G        8.3G        226G        3.8M         16G        241G
Swap:          7.6G        138M        7.5G
              total        used        free      shared  buff/cache   available
Mem:           251G        7.3G        227G        3.8M         16G        242G
Swap:          7.6G        138M        7.5G
              total        used        free      shared  buff/cache   available
Mem:           251G        6.7G        228G        3.8M         16G        243G
Swap:          7.6G        138M        7.5G
              total        used        free      shared  buff/cache   available
Mem:           251G        7.4G        227G        3.8M         16G        242G
Swap:          7.6G        138M        7.5G
              total        used        free      shared  buff/cache   available
Mem:           251G        7.2G        227G        3.8M         16G        243G
Swap:          7.6G        138M        7.5G
              total        used        free      shared  buff/cache   available
Mem:           251G        7.0G        227G        3.8M         16G        243G
Swap:          7.6G        138M        7.5G
              total        used        free      shared  buff/cache   available
Mem:           251G        8.0G        226G        3.8M         16G        242G
Swap:          7.6G        138M        7.5G
              total        used        free      shared  buff/cache   available
Mem:           251G        7.5G        227G        3.8M         16G        242G
Swap:          7.6G        138M        7.5G
              total        used        free      shared  buff/cache   available
Mem:           251G        7.9G        226G        3.8M         16G        242G
Swap:          7.6G        138M        7.5G
              total        used        free      shared  buff/cache   available
Mem:           251G        8.4G        226G        3.8M         16G        241G
Swap:          7.6G        138M        7.5G
              total        used        free      shared  buff/cache   available
Mem:           251G        8.1G        226G        3.8M         16G        242G
Swap:          7.6G        138M        7.5G
              total        used        free      shared  buff/cache   available
Mem:           251G        8.0G        226G        3.8M         16G        242G
Swap:          7.6G        138M        7.5G
              total        used        free      shared  buff/cache   available
Mem:           251G        8.2G        226G        3.8M         16G        242G
Swap:          7.6G        138M        7.5G
              total        used        free      shared  buff/cache   available
Mem:           251G        8.0G        226G        3.8M         16G        242G
Swap:          7.6G        138M        7.5G
              total        used        free      shared  buff/cache   available
Mem:           251G        7.9G        227G        3.8M         16G        242G
Swap:          7.6G        138M        7.5G
              total        used        free      shared  buff/cache   available
Mem:           251G        6.9G        227G        3.8M         16G        243G
Swap:          7.6G        138M        7.5G
              total        used        free      shared  buff/cache   available
Mem:           251G        7.1G        227G        3.8M         16G        243G
Swap:          7.6G        138M        7.5G
              total        used        free      shared  buff/cache   available
Mem:           251G        7.6G        227G        3.8M         16G        242G
Swap:          7.6G        138M        7.5G
              total        used        free      shared  buff/cache   available
Mem:           251G        7.4G        227G        3.8M         16G        242G
Swap:          7.6G        138M        7.5G
              total        used        free      shared  buff/cache   available
Mem:           251G        7.1G        227G        3.8M         16G        243G
Swap:          7.6G        138M        7.5G
              total        used        free      shared  buff/cache   available
Mem:           251G        8.2G        226G        3.8M         16G        242G
Swap:          7.6G        138M        7.5G
              total        used        free      shared  buff/cache   available
Mem:           251G        7.7G        227G        3.8M         16G        242G
Swap:          7.6G        138M        7.5G
